[
  {
    "product_id": 1,
    "product_title": "Example Product 1",
    "total_sales_revenue": 10000.00,
    "total_units_sold": 100,
    "refund_amount": 500.00,
    "refund_count": 5,
    "discount_amount": 1000.00,
    "tax_amount": 800.00,
    "net_revenue": 8300.00,
    "avg_selling_price": 100.00
  }
]